###############################################################################
#
# IAR ELF Linker V7.40.2.8542/W32 for ARM                 06/Feb/2025  09:30:01
# Copyright 2007-2015 IAR Systems AB.
#
#    Output file  =  
#        E:\stm32f030f4p6\Git\stm32f030f4p6\Projects\STM32F0xx_StdPeriph_Templates\EWARM\STM32F030\Exe\Project.out
#    Map file     =  
#        E:\stm32f030f4p6\Git\stm32f030f4p6\Projects\STM32F0xx_StdPeriph_Templates\EWARM\STM32F030\List\Project.map
#    Command line =  
#        E:\stm32f030f4p6\Git\stm32f030f4p6\Projects\STM32F0xx_StdPeriph_Templates\EWARM\STM32F030\Obj\key.o
#        E:\stm32f030f4p6\Git\stm32f030f4p6\Projects\STM32F0xx_StdPeriph_Templates\EWARM\STM32F030\Obj\led.o
#        E:\stm32f030f4p6\Git\stm32f030f4p6\Projects\STM32F0xx_StdPeriph_Templates\EWARM\STM32F030\Obj\main.o
#        E:\stm32f030f4p6\Git\stm32f030f4p6\Projects\STM32F0xx_StdPeriph_Templates\EWARM\STM32F030\Obj\startup_stm32f030.o
#        E:\stm32f030f4p6\Git\stm32f030f4p6\Projects\STM32F0xx_StdPeriph_Templates\EWARM\STM32F030\Obj\stm32f0xx_adc.o
#        E:\stm32f030f4p6\Git\stm32f030f4p6\Projects\STM32F0xx_StdPeriph_Templates\EWARM\STM32F030\Obj\stm32f0xx_crc.o
#        E:\stm32f030f4p6\Git\stm32f030f4p6\Projects\STM32F0xx_StdPeriph_Templates\EWARM\STM32F030\Obj\stm32f0xx_dbgmcu.o
#        E:\stm32f030f4p6\Git\stm32f030f4p6\Projects\STM32F0xx_StdPeriph_Templates\EWARM\STM32F030\Obj\stm32f0xx_dma.o
#        E:\stm32f030f4p6\Git\stm32f030f4p6\Projects\STM32F0xx_StdPeriph_Templates\EWARM\STM32F030\Obj\stm32f0xx_exti.o
#        E:\stm32f030f4p6\Git\stm32f030f4p6\Projects\STM32F0xx_StdPeriph_Templates\EWARM\STM32F030\Obj\stm32f0xx_flash.o
#        E:\stm32f030f4p6\Git\stm32f030f4p6\Projects\STM32F0xx_StdPeriph_Templates\EWARM\STM32F030\Obj\stm32f0xx_gpio.o
#        E:\stm32f030f4p6\Git\stm32f030f4p6\Projects\STM32F0xx_StdPeriph_Templates\EWARM\STM32F030\Obj\stm32f0xx_i2c.o
#        E:\stm32f030f4p6\Git\stm32f030f4p6\Projects\STM32F0xx_StdPeriph_Templates\EWARM\STM32F030\Obj\stm32f0xx_it.o
#        E:\stm32f030f4p6\Git\stm32f030f4p6\Projects\STM32F0xx_StdPeriph_Templates\EWARM\STM32F030\Obj\stm32f0xx_iwdg.o
#        E:\stm32f030f4p6\Git\stm32f030f4p6\Projects\STM32F0xx_StdPeriph_Templates\EWARM\STM32F030\Obj\stm32f0xx_misc.o
#        E:\stm32f030f4p6\Git\stm32f030f4p6\Projects\STM32F0xx_StdPeriph_Templates\EWARM\STM32F030\Obj\stm32f0xx_pwr.o
#        E:\stm32f030f4p6\Git\stm32f030f4p6\Projects\STM32F0xx_StdPeriph_Templates\EWARM\STM32F030\Obj\stm32f0xx_rcc.o
#        E:\stm32f030f4p6\Git\stm32f030f4p6\Projects\STM32F0xx_StdPeriph_Templates\EWARM\STM32F030\Obj\stm32f0xx_rtc.o
#        E:\stm32f030f4p6\Git\stm32f030f4p6\Projects\STM32F0xx_StdPeriph_Templates\EWARM\STM32F030\Obj\stm32f0xx_spi.o
#        E:\stm32f030f4p6\Git\stm32f030f4p6\Projects\STM32F0xx_StdPeriph_Templates\EWARM\STM32F030\Obj\stm32f0xx_syscfg.o
#        E:\stm32f030f4p6\Git\stm32f030f4p6\Projects\STM32F0xx_StdPeriph_Templates\EWARM\STM32F030\Obj\stm32f0xx_tim.o
#        E:\stm32f030f4p6\Git\stm32f030f4p6\Projects\STM32F0xx_StdPeriph_Templates\EWARM\STM32F030\Obj\stm32f0xx_usart.o
#        E:\stm32f030f4p6\Git\stm32f030f4p6\Projects\STM32F0xx_StdPeriph_Templates\EWARM\STM32F030\Obj\stm32f0xx_wwdg.o
#        E:\stm32f030f4p6\Git\stm32f030f4p6\Projects\STM32F0xx_StdPeriph_Templates\EWARM\STM32F030\Obj\system_stm32f0xx.o
#        E:\stm32f030f4p6\Git\stm32f030f4p6\Projects\STM32F0xx_StdPeriph_Templates\EWARM\STM32F030\Obj\uart.o
#        E:\stm32f030f4p6\Git\stm32f030f4p6\Projects\STM32F0xx_StdPeriph_Templates\EWARM\STM32F030\Obj\ws2812_app.o
#        E:\stm32f030f4p6\Git\stm32f030f4p6\Projects\STM32F0xx_StdPeriph_Templates\EWARM\STM32F030\Obj\ws2812_drv.o
#        --redirect _Printf=_PrintfSmall --redirect _Scanf=_ScanfSmall -o
#        E:\stm32f030f4p6\Git\stm32f030f4p6\Projects\STM32F0xx_StdPeriph_Templates\EWARM\STM32F030\Exe\Project.out
#        --map
#        E:\stm32f030f4p6\Git\stm32f030f4p6\Projects\STM32F0xx_StdPeriph_Templates\EWARM\STM32F030\List\Project.map
#        --config
#        E:\stm32f030f4p6\Git\stm32f030f4p6\Projects\STM32F0xx_StdPeriph_Templates\EWARM\stm32f030_flash.icf
#        --semihosting --entry __iar_program_start --vfe
#
###############################################################################

*******************************************************************************
*** RUNTIME MODEL ATTRIBUTES
***

CppFlavor       = *
__SystemLibrary = DLib


*******************************************************************************
*** PLACEMENT SUMMARY
***

"A1":  place at 0x08000000 { ro section .intvec };
"P1":  place in [from 0x08000000 to 0x0800ffff] { ro };
"P2":  place in [from 0x20000000 to 0x20001fff] { rw, block CSTACK, block HEAP };

  Section            Kind        Address    Size  Object
  -------            ----        -------    ----  ------
"A1":                                       0xb4
  .intvec            ro code  0x08000000    0xb4  startup_stm32f030.o [1]
                            - 0x080000b4    0xb4

"P1":                                     0x198c
  .text              ro code  0x080000b4   0x304  uart.o [1]
  .text              ro code  0x080003b8   0x2b4  stm32f0xx_rcc.o [1]
  .text              ro code  0x0800066c   0x10c  stm32f0xx_gpio.o [1]
  .text              ro code  0x08000778   0x1ce  stm32f0xx_usart.o [1]
  .text              ro code  0x08000946    0x2a  zero_init3.o [5]
  .text              ro code  0x08000970    0x74  stm32f0xx_misc.o [1]
  .text              ro code  0x080009e4   0x1b8  stm32f0xx_dma.o [1]
  .text              ro code  0x08000b9c    0x54  ABImemset.o [5]
  .text              ro code  0x08000bf0    0xae  I32DivModFast.o [5]
  .text              ro code  0x08000c9e     0x2  startup_stm32f030.o [1]
  .text              ro code  0x08000ca0     0x2  IntDivZer.o [5]
  .text              ro code  0x08000ca2     0x2  startup_stm32f030.o [1]
  .text              ro code  0x08000ca4   0x2fc  ws2812_app.o [1]
  .text              ro code  0x08000fa0   0x158  ws2812_drv.o [1]
  .text              ro code  0x080010f8    0x5c  ABImemcpy.o [5]
  .text              ro code  0x08001154   0x180  main.o [1]
  .text              ro code  0x080012d4   0x2c0  stm32f0xx_tim.o [1]
  .text              ro code  0x08001594    0x7c  led.o [1]
  .text              ro code  0x08001610    0x3c  stm32f0xx_iwdg.o [1]
  .text              ro code  0x0800164c   0x164  system_stm32f0xx.o [1]
  .text              ro code  0x080017b0    0xd8  packbits_init.o [5]
  .text              ro code  0x08001888     0xa  abort.o [3]
  .text              ro code  0x08001892     0x2  startup_stm32f030.o [1]
  .text              ro code  0x08001894    0x14  exit.o [6]
  .text              ro code  0x080018a8    0x3c  startup_stm32f030.o [1]
  .text              ro code  0x080018e4    0x3c  stm32f0xx_it.o [1]
  .text              ro code  0x08001920    0x28  data_init.o [5]
  .iar.init_table    const    0x08001948    0x2c  - Linker created -
  .text              ro code  0x08001974    0x1a  cmain.o [5]
  .text              ro code  0x0800198e     0x4  low_level_init.o [3]
  .text              ro code  0x08001992     0x8  exit.o [3]
  .text              ro code  0x0800199a     0x2  startup_stm32f030.o [1]
  .text              ro code  0x0800199c     0xa  cexit.o [5]
  .text              ro code  0x080019a6     0xc  cstartup_M.o [5]
  .text              ro code  0x080019b2     0x2  startup_stm32f030.o [1]
  .rodata            const    0x080019b4     0x4  ws2812_app.o [1]
  .rodata            const    0x080019b8     0x4  ws2812_app.o [1]
  .text              ro code  0x080019bc     0x2  startup_stm32f030.o [1]
  .text              ro code  0x080019be     0x2  startup_stm32f030.o [1]
  .text              ro code  0x080019c0     0x2  startup_stm32f030.o [1]
  .text              ro code  0x080019c2     0x2  startup_stm32f030.o [1]
  .text              ro code  0x080019c4     0x2  startup_stm32f030.o [1]
  .text              ro code  0x080019c6     0x2  startup_stm32f030.o [1]
  .text              ro code  0x080019c8     0x2  startup_stm32f030.o [1]
  .text              ro code  0x080019ca     0x2  startup_stm32f030.o [1]
  .text              ro code  0x080019cc     0x2  startup_stm32f030.o [1]
  .text              ro code  0x080019ce     0x2  startup_stm32f030.o [1]
  .text              ro code  0x080019d0     0x2  startup_stm32f030.o [1]
  .text              ro code  0x080019d2     0x2  startup_stm32f030.o [1]
  .text              ro code  0x080019d4     0x2  startup_stm32f030.o [1]
  .text              ro code  0x080019d6     0x2  startup_stm32f030.o [1]
  .text              ro code  0x080019d8     0x2  startup_stm32f030.o [1]
  .text              ro code  0x080019da     0x2  startup_stm32f030.o [1]
  .text              ro code  0x080019dc     0x2  startup_stm32f030.o [1]
  .text              ro code  0x080019de     0x2  startup_stm32f030.o [1]
  .rodata            const    0x080019e0     0x0  zero_init3.o [5]
  .rodata            const    0x080019e0     0x0  packbits_init.o [5]
  Initializer bytes  const    0x080019e0    0x60  <for P2 s0>
                            - 0x08001a40  0x198c

"P2":                                      0xf70
  P2 s0                       0x20000000   0x5f4  <Init block>
    .data            inited   0x20000000   0x5c8  ws2812_app.o [1]
    .data            inited   0x200005c8    0x10  stm32f0xx_rcc.o [1]
    .data            inited   0x200005d8     0xc  uart.o [1]
    .data            inited   0x200005e4     0xc  uart.o [1]
    .data            inited   0x200005f0     0x4  system_stm32f0xx.o [1]
  .bss               zero     0x200005f4   0x2d4  ws2812_app.o [1]
  .bss               zero     0x200008c8    0x5c  ws2812_app.o [1]
  .bss               zero     0x20000924    0x28  main.o [1]
  .bss               zero     0x2000094c    0x14  uart.o [1]
  .bss               zero     0x20000960     0x8  stm32f0xx_it.o [1]
  .bss               zero     0x20000968     0x4  main.o [1]
  .bss               zero     0x2000096c     0x1  led.o [1]
  CSTACK                      0x20000970   0x600  <Block>
    CSTACK           uninit   0x20000970   0x600  <Block tail>
                            - 0x20000f70   0xf70


*******************************************************************************
*** INIT TABLE
***

          Address     Size
          -------     ----
Zero (__iar_zero_init3)
    1 destination range, total size 0x379:
          0x200005f4  0x379

Copy/packbits (__iar_packbits_init3)
    1 source range, total size 0x60 (6% of destination):
          0x080019e0   0x60
    1 destination range, total size 0x5f4:
          0x20000000  0x5f4



*******************************************************************************
*** MODULE SUMMARY
***

    Module               ro code  ro data  rw data
    ------               -------  -------  -------
E:\stm32f030f4p6\Git\stm32f030f4p6\Projects\STM32F0xx_StdPeriph_Templates\EWARM\STM32F030\Obj: [1]
    led.o                    124                 1
    main.o                   384                44
    startup_stm32f030.o      286
    stm32f0xx_dma.o          440
    stm32f0xx_gpio.o         268
    stm32f0xx_it.o            60                 8
    stm32f0xx_iwdg.o          60
    stm32f0xx_misc.o         116
    stm32f0xx_rcc.o          692        1       16
    stm32f0xx_tim.o          704
    stm32f0xx_usart.o        462
    system_stm32f0xx.o       356        1        4
    uart.o                   772        1       44
    ws2812_app.o             764      101    2 296
    ws2812_drv.o             344
    ----------------------------------------------
    Total:                 5 832      104    2 413

command line: [2]
    ----------------------------------------------
    Total:

dl6M_tln.a: [3]
    abort.o                   10
    exit.o                     8
    low_level_init.o           4
    ----------------------------------------------
    Total:                    22

m6M_tl.a: [4]
    ----------------------------------------------
    Total:

rt6M_tl.a: [5]
    ABImemcpy.o               92
    ABImemset.o               84
    I32DivModFast.o          174
    IntDivZer.o                2
    cexit.o                   10
    cmain.o                   26
    cstartup_M.o              12
    data_init.o               40
    packbits_init.o          216
    zero_init3.o              42
    ----------------------------------------------
    Total:                   698

shb_l.a: [6]
    exit.o                    20
    ----------------------------------------------
    Total:                    20

    Linker created                     44    1 536
--------------------------------------------------
    Grand Total:           6 572      148    3 949


*******************************************************************************
*** ENTRY LIST
***

Entry                      Address   Size  Type      Object
-----                      -------   ----  ----      ------
.iar.init_table$$Base   0x08001948          --   Gb  - Linker created -
.iar.init_table$$Limit  0x08001974          --   Gb  - Linker created -
?main                   0x08001975         Code  Gb  cmain.o [5]
APBAHBPrescTable        0x200005c8   0x10  Data  Lc  stm32f0xx_rcc.o [1]
CSTACK$$Base            0x20000970          --   Gb  - Linker created -
CSTACK$$Limit           0x20000f70          --   Gb  - Linker created -
DMAChannel_Update       0x08000259   0x20  Code  Gb  uart.o [1]
DMA_Cmd                 0x08000b3f   0x1c  Code  Gb  stm32f0xx_dma.o [1]
DMA_DeInit              0x080009e5  0x11a  Code  Gb  stm32f0xx_dma.o [1]
DMA_Init                0x08000aff   0x40  Code  Gb  stm32f0xx_dma.o [1]
Disp_RGB_Tab1           0x200008c8   0x5c  Data  Gb  ws2812_app.o [1]
Frame_Check             0x08000295   0x1c  Code  Gb  uart.o [1]
Front_RGB               0x20000000  0x5c8  Data  Gb  ws2812_app.o [1]
GPIO_Init               0x0800066d   0xa0  Code  Gb  stm32f0xx_gpio.o [1]
GPIO_PinAFConfig        0x08000717   0x62  Code  Gb  stm32f0xx_gpio.o [1]
GPIO_ResetBits          0x08000713    0x4  Code  Gb  stm32f0xx_gpio.o [1]
GPIO_SetBits            0x0800070d    0x6  Code  Gb  stm32f0xx_gpio.o [1]
HardFault_Handler       0x080018e7    0x4  Code  Gb  stm32f0xx_it.o [1]
HardwareInit_Led        0x080015eb    0x8  Code  Gb  led.o [1]
HardwareInit_Usart      0x08000279   0x1c  Code  Gb  uart.o [1]
IOT2Logo_Protocol       0x2000094c   0x14  Data  Gb  uart.o [1]
IWDG_Config             0x0800126b   0x1e  Code  Lc  main.o [1]
IWDG_Enable             0x08001631    0x8  Code  Gb  stm32f0xx_iwdg.o [1]
IWDG_ReloadCounter      0x08001629    0x8  Code  Gb  stm32f0xx_iwdg.o [1]
IWDG_SetPrescaler       0x08001619    0x8  Code  Gb  stm32f0xx_iwdg.o [1]
IWDG_SetReload          0x08001621    0x8  Code  Gb  stm32f0xx_iwdg.o [1]
IWDG_WriteAccessCmd     0x08001611    0x8  Code  Gb  stm32f0xx_iwdg.o [1]
InStream_Read           0x080017b1   0x22  Code  Lc  packbits_init.o [5]
Logo2IOT_Buff           0x200005d8    0xc  Data  Gb  uart.o [1]
Logo_Param              0x200005e4    0xc  Data  Gb  uart.o [1]
NMI_Handler             0x080018e5    0x2  Code  Gb  stm32f0xx_it.o [1]
NVIC_Init               0x08000971   0x68  Code  Gb  stm32f0xx_misc.o [1]
NVIC_SetPriority        0x08001155   0x86  Code  Lc  main.o [1]
PendSV_Handler          0x080018ed    0x2  Code  Gb  stm32f0xx_it.o [1]
ProtocolFrame_Process   0x080002b1   0x5c  Code  Gb  uart.o [1]
RCC_AHBPeriphClockCmd   0x080005bd   0x20  Code  Gb  stm32f0xx_rcc.o [1]
RCC_APB1PeriphResetCmd  0x0800062d   0x20  Code  Gb  stm32f0xx_rcc.o [1]
RCC_APB2PeriphClockCmd  0x080005dd   0x20  Code  Gb  stm32f0xx_rcc.o [1]
RCC_APB2PeriphResetCmd  0x08000605   0x20  Code  Gb  stm32f0xx_rcc.o [1]
RCC_GetClocksFreq       0x080003b9  0x200  Code  Gb  stm32f0xx_rcc.o [1]
Region$$Table$$Base     0x08001948          --   Gb  - Linker created -
Region$$Table$$Limit    0x08001974          --   Gb  - Linker created -
SVC_Handler             0x080018eb    0x2  Code  Gb  stm32f0xx_it.o [1]
SetSysClock             0x080016bb   0xbe  Code  Lc  system_stm32f0xx.o [1]
Struct_TaksBaseTime     0x20000960    0x8  Data  Gb  stm32f0xx_it.o [1]
SysTick_Config          0x080011db   0x30  Code  Lc  main.o [1]
SysTick_Handler         0x080018ef   0x2a  Code  Gb  stm32f0xx_it.o [1]
SystemCoreClock         0x200005f0    0x4  Data  Gb  system_stm32f0xx.o [1]
SystemInit              0x0800164d   0x6e  Code  Gb  system_stm32f0xx.o [1]
TIM_ARRPreloadConfig    0x08001429   0x1c  Code  Gb  stm32f0xx_tim.o [1]
TIM_CCR_OUT_BUF1        0x200005f4  0x2d4  Data  Gb  ws2812_app.o [1]
TIM_Cmd                 0x08001445   0x1c  Code  Gb  stm32f0xx_tim.o [1]
TIM_CtrlPWMOutputs      0x08001479   0x26  Code  Gb  stm32f0xx_tim.o [1]
TIM_DMACmd              0x0800157d   0x18  Code  Gb  stm32f0xx_tim.o [1]
TIM_DeInit              0x080012d5   0xf0  Code  Gb  stm32f0xx_tim.o [1]
TIM_OC3Init             0x080014b1   0x88  Code  Gb  stm32f0xx_tim.o [1]
TIM_OC3PreloadConfig    0x0800154d   0x12  Code  Gb  stm32f0xx_tim.o [1]
TIM_TimeBaseInit        0x080013c5   0x64  Code  Gb  stm32f0xx_tim.o [1]
Task_Led                0x080015f3   0x18  Code  Gb  led.o [1]
Task_RGBTest            0x08000f33   0x48  Code  Gb  ws2812_app.o [1]
USART1_DMAReceiveInit   0x08000201   0x58  Code  Lc  uart.o [1]
USART1_DMATransInit     0x080001a9   0x58  Code  Lc  uart.o [1]
USART1_IRQHandler       0x0800030d   0x6c  Code  Gb  uart.o [1]
USART_ClearITPendingBit
                        0x08000937   0x10  Code  Gb  stm32f0xx_usart.o [1]
USART_Cmd               0x08000845   0x1c  Code  Gb  stm32f0xx_usart.o [1]
USART_DMACmd            0x0800087d   0x18  Code  Gb  stm32f0xx_usart.o [1]
USART_GetITStatus       0x080008d5   0x62  Code  Gb  stm32f0xx_usart.o [1]
USART_ITConfig          0x08000895   0x40  Code  Gb  stm32f0xx_usart.o [1]
USART_Init              0x08000779   0xcc  Code  Gb  stm32f0xx_usart.o [1]
Usart1_Init             0x080000b5   0xd8  Code  Lc  uart.o [1]
Usart_NVICInit          0x0800018d   0x1c  Code  Lc  uart.o [1]
WS2812_DMAInit          0x08001079   0x68  Code  Gb  ws2812_drv.o [1]
WS2812_GpioInit         0x08000fa1   0x44  Code  Lc  ws2812_drv.o [1]
WS2812_HardwareInit     0x080010ed    0xc  Code  Gb  ws2812_drv.o [1]
WS2812_TimeInit         0x08000fe5   0x94  Code  Lc  ws2812_drv.o [1]
__ICFEDIT_region_RAM_end__ {Abs}
                        0x20001fff          --   Gb  command line/config [2]
__ICFEDIT_region_RAM_start__ {Abs}
                        0x20000000          --   Gb  command line/config [2]
__aeabi_idiv0           0x08000ca1         Code  Gb  IntDivZer.o [5]
__aeabi_memcpy          0x080010f9         Code  Gb  ABImemcpy.o [5]
__aeabi_memset          0x08000b9d         Code  Gb  ABImemset.o [5]
__aeabi_uidiv           0x08000bf1         Code  Gb  I32DivModFast.o [5]
__aeabi_uidivmod        0x08000bf1         Code  Gb  I32DivModFast.o [5]
__cmain                 0x08001975         Code  Gb  cmain.o [5]
__exit                  0x08001895   0x14  Code  Gb  exit.o [6]
__iar_Memset4_word      0x08000bbd         Code  Gb  ABImemset.o [5]
__iar_Memset_word       0x08000ba9         Code  Gb  ABImemset.o [5]
__iar_data_init3        0x08001921   0x28  Code  Gb  data_init.o [5]
__iar_packbits_init3    0x080017d3   0xb6  Code  Gb  packbits_init.o [5]
__iar_program_start     0x080019a7         Code  Gb  cstartup_M.o [5]
__iar_zero_init3        0x08000947   0x2a  Code  Gb  zero_init3.o [5]
__low_level_init        0x0800198f    0x4  Code  Gb  low_level_init.o [3]
__vector_table          0x08000000         Data  Gb  startup_stm32f030.o [1]
_call_main              0x08001981         Code  Gb  cmain.o [5]
_exit                   0x0800199d         Code  Gb  cexit.o [5]
_main                   0x0800198b         Code  Gb  cmain.o [5]
abort                   0x08001889    0xa  Code  Gb  abort.o [3]
bsp_ws2812_init         0x08000f7b   0x12  Code  Gb  ws2812_app.o [1]
exit                    0x08001993    0x8  Code  Gb  exit.o [3]
lEDGpio_Init            0x08001595   0x36  Code  Lc  led.o [1]
led_ctr                 0x080015cb   0x20  Code  Lc  led.o [1]
main                    0x0800120b   0x22  Code  Gb  main.o [1]
rgb_controller_init     0x08000e07   0x64  Code  Lc  ws2812_app.o [1]
rgb_ctr_init            0x08000e6b    0xa  Code  Lc  ws2812_app.o [1]
sys_TimeGet             0x080012a3    0x6  Code  Gb  main.o [1]
sys_freq                0x20000924   0x28  Data  Gb  main.o [1]
systick_cnt             0x20000968    0x4  Data  Gb  main.o [1]
systick_init            0x08001289   0x1a  Code  Gb  main.o [1]
task_SystemFunction     0x0800122d   0x3e  Code  Gb  main.o [1]
ws2812_Refresh          0x08000ca5   0xcc  Code  Lc  ws2812_app.o [1]
ws_Clear                0x08000d9b   0x28  Code  Lc  ws2812_app.o [1]
ws_Clear2               0x08000dc3   0x28  Code  Lc  ws2812_app.o [1]
ws_Init                 0x08000df5   0x12  Code  Lc  ws2812_app.o [1]
ws_Refresh              0x08000e7d   0xb6  Code  Lc  ws2812_app.o [1]
ws_Set                  0x08000d71   0x16  Code  Lc  ws2812_app.o [1]
ws_Set2                 0x08000d87   0x14  Code  Lc  ws2812_app.o [1]


[1] = E:\stm32f030f4p6\Git\stm32f030f4p6\Projects\STM32F0xx_StdPeriph_Templates\EWARM\STM32F030\Obj
[2] = command line
[3] = dl6M_tln.a
[4] = m6M_tl.a
[5] = rt6M_tl.a
[6] = shb_l.a

  6 572 bytes of readonly  code memory
    148 bytes of readonly  data memory
  3 949 bytes of readwrite data memory

Errors: none
Warnings: none
